Z:\Users\suehara\Documents\python\analysis\.venv\Lib\site-packages\google\auth\_default.py:76: UserWarning: Your application has authenticated using end user credentials from Google Cloud SDK without a quota project. You might receive a "quota exceeded" or "API not enabled" error. See the following page for troubleshooting: https://cloud.google.com/docs/authentication/adc-troubleshooting/user-creds. 
  warnings.warn(_CLOUD_SDK_CREDENTIALS_WARNING)
データ取得中にエラーが発生しました。再試行します (1/3)...
エラー詳細: The read operation timed out
Traceback (most recent call last):
  File "Z:\Users\suehara\Documents\python\analysis\auto\run_rzkpi_update.py", line 3, in <module>
    runpy.run_path("★BQ-RZKPI更新.py", run_name="__main__")
  File "<frozen runpy>", line 291, in run_path
  File "<frozen runpy>", line 98, in _run_module_code
  File "<frozen runpy>", line 88, in _run_code
  File "★BQ-RZKPI更新.py", line 184, in <module>
    tktoroku = get_ss_optimized(SPREADSHEET_ID,RANGE_NAME,service)
               ^^^^^^^^^^^^^^^^^^^^^^^^^^^^^^^^^^^^^^^^^^^^^^^^^^^
  File "★BQ-RZKPI更新.py", line 71, in get_ss_optimized
    ).execute()
      ^^^^^^^^^
  File "Z:\Users\suehara\Documents\python\analysis\.venv\Lib\site-packages\googleapiclient\_helpers.py", line 130, in positional_wrapper
    return wrapped(*args, **kwargs)
           ^^^^^^^^^^^^^^^^^^^^^^^^
  File "Z:\Users\suehara\Documents\python\analysis\.venv\Lib\site-packages\googleapiclient\http.py", line 923, in execute
    resp, content = _retry_request(
                    ^^^^^^^^^^^^^^^
  File "Z:\Users\suehara\Documents\python\analysis\.venv\Lib\site-packages\googleapiclient\http.py", line 222, in _retry_request
    raise exception
  File "Z:\Users\suehara\Documents\python\analysis\.venv\Lib\site-packages\googleapiclient\http.py", line 191, in _retry_request
    resp, content = http.request(uri, method, *args, **kwargs)
                    ^^^^^^^^^^^^^^^^^^^^^^^^^^^^^^^^^^^^^^^^^^
  File "Z:\Users\suehara\Documents\python\analysis\.venv\Lib\site-packages\google_auth_httplib2.py", line 252, in request
    return self.request(
           ^^^^^^^^^^^^^
  File "Z:\Users\suehara\Documents\python\analysis\.venv\Lib\site-packages\google_auth_httplib2.py", line 218, in request
    response, content = self.http.request(
                        ^^^^^^^^^^^^^^^^^^
  File "Z:\Users\suehara\Documents\python\analysis\.venv\Lib\site-packages\httplib2\__init__.py", line 1724, in request
    (response, content) = self._request(
                          ^^^^^^^^^^^^^^
  File "Z:\Users\suehara\Documents\python\analysis\.venv\Lib\site-packages\httplib2\__init__.py", line 1444, in _request
    (response, content) = self._conn_request(conn, request_uri, method, body, headers)
                          ^^^^^^^^^^^^^^^^^^^^^^^^^^^^^^^^^^^^^^^^^^^^^^^^^^^^^^^^^^^^
  File "Z:\Users\suehara\Documents\python\analysis\.venv\Lib\site-packages\httplib2\__init__.py", line 1396, in _conn_request
    response = conn.getresponse()
               ^^^^^^^^^^^^^^^^^^
  File "C:\Users\suehara\AppData\Local\anaconda3\Lib\http\client.py", line 1378, in getresponse
    response.begin()
  File "C:\Users\suehara\AppData\Local\anaconda3\Lib\http\client.py", line 318, in begin
    version, status, reason = self._read_status()
                              ^^^^^^^^^^^^^^^^^^^
  File "C:\Users\suehara\AppData\Local\anaconda3\Lib\http\client.py", line 287, in _read_status
    raise RemoteDisconnected("Remote end closed connection without"
http.client.RemoteDisconnected: Remote end closed connection without response
